
%LINEPROTO-5-UPDOWN: Line protocol on Interface GigabitEthernet0/0, changed state to up

Router(config-if)#
Router(config-if)#exit
Router(config)#interface GigabitEthernet0/1
Router(config-if)#ip address  
% Incomplete command.
Router(config-if)#
Router(config-if)#exit
Router(config)#interface GigabitEthernet0/0
Router(config-if)#ip address 192.168.1.1 255.255.255.0
Router(config-if)#
Router(config-if)#exit
Router(config)#interface GigabitEthernet0/1
Router(config-if)#no ip address
Router(config-if)#no ip address
Router(config-if)#ip address 192.168.2.1 255.255.255.0
Router(config-if)#no shutdown
Router(config-if)#
%LINK-5-CHANGED: Interface GigabitEthernet0/1, changed state to up

%LINEPROTO-5-UPDOWN: Line protocol on Interface GigabitEthernet0/1, changed state to up

Router(config-if)#exit
Router(config)#interface GigabitEthernet0/0
Router(config-if)#
Router(config-if)#exit
Router(config)#interface GigabitEthernet0/1
Router(config-if)#
Router(config-if)#
%LINEPROTO-5-UPDOWN: Line protocol on Interface GigabitEthernet0/0, changed state to down

%LINEPROTO-5-UPDOWN: Line protocol on Interface GigabitEthernet0/0, changed state to up

Router(config-if)#
Router(config-if)#exit
Router(config)#interface Serial0/0/0
Router(config-if)#
%LINK-5-CHANGED: Interface Serial0/0/0, changed state to up

%LINEPROTO-5-UPDOWN: Line protocol on Interface Serial0/0/0, changed state to up

Router(config-if)#
Router(config-if)#exit
Router(config)#
Router(config)#ip route 0.0.0.0 0.0.0.0 209.165.200.225
Router(config)#
Router(config)#ip access-list standard ACL_NAT
Router(config-std-nacl)#permit
% Incomplete command.
Router(config-std-nacl)#permit 192.168.1.0 0.0.0.255
Router(config-std-nacl)#exit
Router(config)#ip nat inside source list ACL_NAT
% Incomplete command.
Router(config)#
Router(config)#
Router(config)#
Router(config)#ip nat inside source list ACL_NAT interface s0/0/0
Router(config)#int s0/0/0 
Router(config-if)#ip nat outside
Router(config-if)#int g0/0
Router(config-if)#ip nat inside
Router(config-if)#
Router(config-if)#
Router(config-if)#exit
Router(config)#interface GigabitEthernet0/0
Router(config-if)#
Router(config-if)#exit
Router(config)#interface Serial0/0/0
Router(config-if)#
Router(config-if)#
